*** EVALUATION ***
PROGRAM "S:\Documents\CA_Lab\CA3_Lab1\lab1-lcdVorlage\bin\Simulator.abs"

*********************************************************************************************
TARGET SECTION
---------------------------------------------------------------------------------------------
Processor   : Freescale HC12
Memory Model: SMALL
File Format : ELF\DWARF 2.0
Linker      : SmartLinker V-5.0.40 Build 10203, Jul 23 2010

*********************************************************************************************
FILE SECTION
---------------------------------------------------------------------------------------------
main.asm.o                              Model: SMALL,         Lang: Assembler
lcd.asm.o                               Model: SMALL,         Lang: Assembler

*********************************************************************************************
STARTUP SECTION
---------------------------------------------------------------------------------------------
Entry point: 0xC000 (Entry)

*********************************************************************************************
SECTION-ALLOCATION SECTION
Section Name                    Size  Type     From       To       Segment
---------------------------------------------------------------------------------------------
.init                            215     R     0xC000     0xC0D6   ROM_C000
.data                              2   R/W     0x1000     0x1001   RAM
.const                           117     R     0xC0D7     0xC14B   ROM_C000
.stack                           256   R/W     0x1002     0x1101   RAM
.vectSeg0_vect                     2     R     0xFFFE     0xFFFF   .vectSeg0

Summary of section sizes per section type:
READ_ONLY (R):         14E (dec:      334)
READ_WRITE (R/W):      102 (dec:      258)

*********************************************************************************************
VECTOR-ALLOCATION SECTION
    Address     InitValue   InitFunction
---------------------------------------------------------------------------------------------
     0xFFFE        0xC000   Entry

*********************************************************************************************
OBJECT-ALLOCATION SECTION
     Name               Module                 Addr   hSize   dSize     Ref    Section   RLIB
---------------------------------------------------------------------------------------------
MODULE:                 -- main.asm.o --
- PROCEDURES:
     Entry                                     C000      1E      30       0   .init       
     main                                      C000       0       0       0   .init       
     back                                      C01E       2       2       0   .init       
- VARIABLES:
     MSG1                                      C0D7      10      16       0   .const      
     MSG2                                      C0E7      10      16       0   .const      
     msgA                                      C0F7      25      37       0   .const      
     msgB                                      C11C       C      12       0   .const      
     msgC                                      C128      12      18       1   .const      
     msgD                                      C13A       9       9       1   .const      
- LABELS:
     __SEG_END_SSTACK                          1102       0       0       1               
MODULE:                 -- lcd.asm.o --
- PROCEDURES:
     initLCD                                   C020      27      39       1   .init       
     inext1                                    C047      18      24       0   .init       
     inext2                                    C05F       F      15       0   .init       
     writeLine                                 C06E      10      16       2   .init       
     writeLine1                                C07E       2       2       0   .init       
     wDo                                       C080       8       8       0   .init       
     next                                      C088       F      15       0   .init       
     wEnd                                      C097       4       4       0   .init       
     paddZero                                  C09B       A      10       0   .init       
     delay_10ms                                C0A5       8       8       3   .init       
     delay_5ms                                 C0AD       8       8       2   .init       
     delay_50us                                C0B5       8       8       1   .init       
     del1                                      C0BD       6       6       0   .init       
     sel_data                                  C0C3       4       4       1   .init       
     sel_inst                                  C0C7       4       4       3   .init       
     outputByte                                C0CB       C      12       5   .init       
- VARIABLES:
     VAR00001                                  1000       1       1       2   .data       
     temp1                                     1001       1       1       0   .data       
     VAR00002                                  C143       1       1       1   .const      
     VAR00003                                  C144       1       1       0   .const      
     VAR00004                                  C145       1       1       0   .const      
     VAR00005                                  C146       1       1       0   .const      
     VAR00006                                  C147       1       1       1   .const      
     VAR00007                                  C148       1       1       0   .const      
     VAR00008                                  C149       1       1       0   .const      
     VAR00009                                  C14A       1       1       0   .const      
     VAR00010                                  C14B       1       1       0   .const      

*********************************************************************************************
MODULE STATISTIC
  Name                                      Data   Code  Const
---------------------------------------------------------------------------------------------
  main.asm.o                                   0     32    108
  lcd.asm.o                                    2    183      9
  other                                      256      2      0

*********************************************************************************************
SECTION USE IN OBJECT-ALLOCATION SECTION
---------------------------------------------------------------------------------------------
SECTION: ".data"
  VAR00001 temp1 
SECTION: ".init"
  main Entry back initLCD inext1 inext2 writeLine writeLine1 wDo next wEnd 
  paddZero delay_10ms delay_5ms delay_50us del1 sel_data sel_inst outputByte 
SECTION: ".const"
  MSG1 MSG2 msgA msgB msgC msgD VAR00002 VAR00003 VAR00004 VAR00005 VAR00006 
  VAR00007 VAR00008 VAR00009 VAR00010 

*********************************************************************************************
OBJECT LIST SORTED BY ADDRESS
     Name                                      Addr   hSize   dSize     Ref    Section   RLIB
---------------------------------------------------------------------------------------------
     VAR00001                                  1000       1       1       2   .data       
     temp1                                     1001       1       1       0   .data       
     main                                      C000       0       0       0   .init       
     Entry                                     C000      1E      30       0   .init       
     back                                      C01E       2       2       0   .init       
     initLCD                                   C020      27      39       1   .init       
     inext1                                    C047      18      24       0   .init       
     inext2                                    C05F       F      15       0   .init       
     writeLine                                 C06E      10      16       2   .init       
     writeLine1                                C07E       2       2       0   .init       
     wDo                                       C080       8       8       0   .init       
     next                                      C088       F      15       0   .init       
     wEnd                                      C097       4       4       0   .init       
     paddZero                                  C09B       A      10       0   .init       
     delay_10ms                                C0A5       8       8       3   .init       
     delay_5ms                                 C0AD       8       8       2   .init       
     delay_50us                                C0B5       8       8       1   .init       
     del1                                      C0BD       6       6       0   .init       
     sel_data                                  C0C3       4       4       1   .init       
     sel_inst                                  C0C7       4       4       3   .init       
     outputByte                                C0CB       C      12       5   .init       
     MSG1                                      C0D7      10      16       0   .const      
     MSG2                                      C0E7      10      16       0   .const      
     msgA                                      C0F7      25      37       0   .const      
     msgB                                      C11C       C      12       0   .const      
     msgC                                      C128      12      18       1   .const      
     msgD                                      C13A       9       9       1   .const      
     VAR00002                                  C143       1       1       1   .const      
     VAR00003                                  C144       1       1       0   .const      
     VAR00004                                  C145       1       1       0   .const      
     VAR00005                                  C146       1       1       0   .const      
     VAR00006                                  C147       1       1       1   .const      
     VAR00007                                  C148       1       1       0   .const      
     VAR00008                                  C149       1       1       0   .const      
     VAR00009                                  C14A       1       1       0   .const      
     VAR00010                                  C14B       1       1       0   .const      

*********************************************************************************************
UNUSED-OBJECTS SECTION
---------------------------------------------------------------------------------------------

*********************************************************************************************
COPYDOWN SECTION
---------------------------------------------------------------------------------------------

*********************************************************************************************
OBJECT-DEPENDENCIES SECTION
---------------------------------------------------------------------------------------------
Entry                     USES __SEG_END_SSTACK delay_10ms initLCD msgC 
                                writeLine msgD 
initLCD                   USES delay_10ms VAR00002 VAR00001 sel_inst 
inext1                    USES outputByte delay_5ms VAR00006 VAR00001 sel_inst 
inext2                    USES outputByte delay_5ms 
writeLine                 USES sel_inst 
wDo                       USES outputByte sel_data 
next                      USES outputByte 
paddZero                  USES outputByte 
outputByte                USES delay_50us 

*********************************************************************************************
DEPENDENCY TREE
*********************************************************************************************
 main and _Startup Group
 | 
 +- main                
 |    
 +- Entry               
    | 
    +- delay_10ms          
    |    
    +- initLCD             
    |  | 
    |  +- delay_10ms           (see above)
    |  |  
    |  +- sel_inst            
    |       
    +- writeLine           
       | 
       +- sel_inst             (see above)
          
*********************************************************************************************
STATISTIC SECTION
---------------------------------------------------------------------------------------------

ExeFile:
--------
Number of blocks to be downloaded: 3
Total size of all blocks to be downloaded: 334

