*** EVALUATION ***
PROGRAM "C:\Users\Huppert\Documents\GitHub\CA-Labor\CA3_Lab1\lab1c\bin\Simulator.abs"

*********************************************************************************************
TARGET SECTION
---------------------------------------------------------------------------------------------
Processor   : Freescale HC12
Memory Model: SMALL
File Format : ELF\DWARF 2.0
Linker      : SmartLinker V-5.0.40 Build 10203, Jul 23 2010

*********************************************************************************************
FILE SECTION
---------------------------------------------------------------------------------------------
main.asm.o                              Model: SMALL,         Lang: Assembler
toLower.asm.o                           Model: SMALL,         Lang: Assembler
hexToASCII.asm.o                        Model: SMALL,         Lang: Assembler

*********************************************************************************************
STARTUP SECTION
---------------------------------------------------------------------------------------------
Entry point: 0xC000 (Entry)

*********************************************************************************************
SECTION-ALLOCATION SECTION
Section Name                    Size  Type     From       To       Segment
---------------------------------------------------------------------------------------------
.init                            129     R     0xC000     0xC080   ROM_C000
.data                             81   R/W     0x1000     0x1050   RAM
.const                            46     R     0xC081     0xC0AE   ROM_C000
.stack                           256   R/W     0x1051     0x1150   RAM
.vectSeg0_vect                     2     R     0xFFFE     0xFFFF   .vectSeg0

Summary of section sizes per section type:
READ_ONLY (R):          B1 (dec:      177)
READ_WRITE (R/W):      151 (dec:      337)

*********************************************************************************************
VECTOR-ALLOCATION SECTION
    Address     InitValue   InitFunction
---------------------------------------------------------------------------------------------
     0xFFFE        0xC000   Entry

*********************************************************************************************
OBJECT-ALLOCATION SECTION
     Name               Module                 Addr   hSize   dSize     Ref    Section   RLIB
---------------------------------------------------------------------------------------------
MODULE:                 -- main.asm.o --
- PROCEDURES:
     Entry                                     C000      20      32       0   .init       
     main                                      C000       0       0       0   .init       
     loop                                      C020       2       2       0   .init       
- VARIABLES:
     Vtext                                     1000      50      80       2   .data       
     Htext                                     1050       1       1       1   .data       
     Ctext                                     C081      1E      30       1   .const      
- LABELS:
     __SEG_END_SSTACK                          1151       0       0       1               
MODULE:                 -- toLower.asm.o --
- PROCEDURES:
     toLower                                   C022       4       4       2   .init       
     lowerloop                                 C026       E      14       0   .init       
     skipToLower                               C034       7       7       0   .init       
     strCpy                                    C03B       3       3       2   .init       
     copyloop                                  C03E       A      10       0   .init       
     endloop                                   C048       2       2       0   .init       
- VARIABLES:
MODULE:                 -- hexToASCII.asm.o --
- PROCEDURES:
     hexToASCII                                C04A      10      16       2   .init       
     convertLoop                               C05A      18      24       0   .init       
     getASCII                                  C072       F      15       2   .init       
- VARIABLES:
     lookup                                    C09F      10      16       1   .const      

*********************************************************************************************
MODULE STATISTIC
  Name                                      Data   Code  Const
---------------------------------------------------------------------------------------------
  main.asm.o                                  81     34     30
  toLower.asm.o                                0     40      0
  hexToASCII.asm.o                             0     55     16
  other                                      256      2      0

*********************************************************************************************
SECTION USE IN OBJECT-ALLOCATION SECTION
---------------------------------------------------------------------------------------------
SECTION: ".data"
  Vtext Htext 
SECTION: ".init"
  main Entry loop toLower lowerloop skipToLower strCpy copyloop endloop 
  hexToASCII convertLoop getASCII 
SECTION: ".const"
  Ctext lookup 

*********************************************************************************************
OBJECT LIST SORTED BY ADDRESS
     Name                                      Addr   hSize   dSize     Ref    Section   RLIB
---------------------------------------------------------------------------------------------
     Vtext                                     1000      50      80       2   .data       
     Htext                                     1050       1       1       1   .data       
     main                                      C000       0       0       0   .init       
     Entry                                     C000      20      32       0   .init       
     loop                                      C020       2       2       0   .init       
     toLower                                   C022       4       4       2   .init       
     lowerloop                                 C026       E      14       0   .init       
     skipToLower                               C034       7       7       0   .init       
     strCpy                                    C03B       3       3       2   .init       
     copyloop                                  C03E       A      10       0   .init       
     endloop                                   C048       2       2       0   .init       
     hexToASCII                                C04A      10      16       2   .init       
     convertLoop                               C05A      18      24       0   .init       
     getASCII                                  C072       F      15       2   .init       
     Ctext                                     C081      1E      30       1   .const      
     lookup                                    C09F      10      16       1   .const      

*********************************************************************************************
UNUSED-OBJECTS SECTION
---------------------------------------------------------------------------------------------

*********************************************************************************************
COPYDOWN SECTION
---------------------------------------------------------------------------------------------

*********************************************************************************************
OBJECT-DEPENDENCIES SECTION
---------------------------------------------------------------------------------------------
Entry                     USES __SEG_END_SSTACK Ctext Vtext strCpy toLower 
                                Htext hexToASCII 
convertLoop               USES getASCII 
getASCII                  USES lookup 

*********************************************************************************************
DEPENDENCY TREE
*********************************************************************************************
 main and _Startup Group
 | 
 +- main                
 |    
 +- Entry               
    | 
    +- strCpy              
    |    
    +- toLower             
    |    
    +- hexToASCII          
         
*********************************************************************************************
STATISTIC SECTION
---------------------------------------------------------------------------------------------

ExeFile:
--------
Number of blocks to be downloaded: 3
Total size of all blocks to be downloaded: 177

