*** EVALUATION ***
PROGRAM "C:\Users\liam2\Dokumente\Github\CA-Labor\CA3_Lab1\lab1c\bin\Simulator.abs"

*********************************************************************************************
TARGET SECTION
---------------------------------------------------------------------------------------------
Processor   : Freescale HC12
Memory Model: SMALL
File Format : ELF\DWARF 2.0
Linker      : SmartLinker V-5.0.40 Build 10203, Jul 23 2010

*********************************************************************************************
FILE SECTION
---------------------------------------------------------------------------------------------
main.asm.o                              Model: SMALL,         Lang: Assembler
toLower.asm.o                           Model: SMALL,         Lang: Assembler
hexToASCII.asm.o                        Model: SMALL,         Lang: Assembler

*********************************************************************************************
STARTUP SECTION
---------------------------------------------------------------------------------------------
Entry point: 0xC000 (Entry)

*********************************************************************************************
SECTION-ALLOCATION SECTION
Section Name                    Size  Type     From       To       Segment
---------------------------------------------------------------------------------------------
.init                            238     R     0xC000     0xC0ED   ROM_C000
.data                             94   R/W     0x1000     0x105D   RAM
.const                            46     R     0xC0EE     0xC11B   ROM_C000
.stack                           256   R/W     0x105E     0x115D   RAM
.vectSeg0_vect                     2     R     0xFFFE     0xFFFF   .vectSeg0

Summary of section sizes per section type:
READ_ONLY (R):         11E (dec:      286)
READ_WRITE (R/W):      15E (dec:      350)

*********************************************************************************************
VECTOR-ALLOCATION SECTION
    Address     InitValue   InitFunction
---------------------------------------------------------------------------------------------
     0xFFFE        0xC000   Entry

*********************************************************************************************
OBJECT-ALLOCATION SECTION
     Name               Module                 Addr   hSize   dSize     Ref    Section   RLIB
---------------------------------------------------------------------------------------------
MODULE:                 -- main.asm.o --
- PROCEDURES:
     Entry                                     C000      22      34       0   .init       
     main                                      C000       0       0       0   .init       
     loop                                      C022       2       2       0   .init       
- VARIABLES:
     Vtext                                     1000      50      80       2   .data       
     Htext                                     1050       7       7       1   .data       
     Dtext                                     1057       7       7       1   .data       
     Ctext                                     C0EE      1E      30       1   .const      
- LABELS:
     __SEG_END_SSTACK                          115E       0       0       1               
MODULE:                 -- toLower.asm.o --
- PROCEDURES:
     toLower                                   C024       4       4       1   .init       
     lowerloop                                 C028       E      14       0   .init       
     skipToLower                               C036       7       7       0   .init       
     strCpy                                    C03D       3       3       1   .init       
     copyloop                                  C040       A      10       0   .init       
     endloop                                   C04A       2       2       0   .init       
- VARIABLES:
MODULE:                 -- hexToASCII.asm.o --
- PROCEDURES:
     hexToASCII                                C04C      10      16       1   .init       
     convertLoop                               C05C      16      22       0   .init       
     getASCII                                  C072       F      15       0   .init       
     decToASCII                                C081       C      12       1   .init       
     convertDecimal                            C08D      55      85       0   .init       
     addMinusSign                              C0E2       C      12       0   .init       
- VARIABLES:
     lookup                                    C10C      10      16       1   .const      

*********************************************************************************************
MODULE STATISTIC
  Name                                      Data   Code  Const
---------------------------------------------------------------------------------------------
  main.asm.o                                  94     36     30
  toLower.asm.o                                0     40      0
  hexToASCII.asm.o                             0    162     16
  other                                      256      2      0

*********************************************************************************************
SECTION USE IN OBJECT-ALLOCATION SECTION
---------------------------------------------------------------------------------------------
SECTION: ".data"
  Vtext Htext Dtext 
SECTION: ".init"
  main Entry loop toLower lowerloop skipToLower strCpy copyloop endloop 
  hexToASCII convertLoop getASCII decToASCII convertDecimal addMinusSign 
SECTION: ".const"
  Ctext lookup 

*********************************************************************************************
OBJECT LIST SORTED BY ADDRESS
     Name                                      Addr   hSize   dSize     Ref    Section   RLIB
---------------------------------------------------------------------------------------------
     Vtext                                     1000      50      80       2   .data       
     Htext                                     1050       7       7       1   .data       
     Dtext                                     1057       7       7       1   .data       
     main                                      C000       0       0       0   .init       
     Entry                                     C000      22      34       0   .init       
     loop                                      C022       2       2       0   .init       
     toLower                                   C024       4       4       1   .init       
     lowerloop                                 C028       E      14       0   .init       
     skipToLower                               C036       7       7       0   .init       
     strCpy                                    C03D       3       3       1   .init       
     copyloop                                  C040       A      10       0   .init       
     endloop                                   C04A       2       2       0   .init       
     hexToASCII                                C04C      10      16       1   .init       
     convertLoop                               C05C      16      22       0   .init       
     getASCII                                  C072       F      15       0   .init       
     decToASCII                                C081       C      12       1   .init       
     convertDecimal                            C08D      55      85       0   .init       
     addMinusSign                              C0E2       C      12       0   .init       
     Ctext                                     C0EE      1E      30       1   .const      
     lookup                                    C10C      10      16       1   .const      

*********************************************************************************************
UNUSED-OBJECTS SECTION
---------------------------------------------------------------------------------------------

*********************************************************************************************
COPYDOWN SECTION
---------------------------------------------------------------------------------------------

*********************************************************************************************
OBJECT-DEPENDENCIES SECTION
---------------------------------------------------------------------------------------------
Entry                     USES __SEG_END_SSTACK Ctext Vtext strCpy toLower 
                                Htext hexToASCII Dtext decToASCII 
getASCII                  USES lookup 

*********************************************************************************************
DEPENDENCY TREE
*********************************************************************************************
 main and _Startup Group
 | 
 +- main                
 |    
 +- Entry               
    | 
    +- strCpy              
    |    
    +- toLower             
    |    
    +- hexToASCII          
    |    
    +- decToASCII          
         
*********************************************************************************************
STATISTIC SECTION
---------------------------------------------------------------------------------------------

ExeFile:
--------
Number of blocks to be downloaded: 3
Total size of all blocks to be downloaded: 286

