*** EVALUATION ***
PROGRAM "S:\Documents\CA_Lab\CA3_Lab1\lab1-lcdVorlage - Kopie\bin\Monitor.abs"

*********************************************************************************************
TARGET SECTION
---------------------------------------------------------------------------------------------
Processor   : Freescale HC12
Memory Model: SMALL
File Format : ELF\DWARF 2.0
Linker      : SmartLinker V-5.0.40 Build 10203, Jul 23 2010

*********************************************************************************************
FILE SECTION
---------------------------------------------------------------------------------------------
main.asm.o                              Model: SMALL,         Lang: Assembler
lcd.asm.o                               Model: SMALL,         Lang: Assembler
delay.asm.o                             Model: SMALL,         Lang: Assembler
hexToASCII.asm.o                        Model: SMALL,         Lang: Assembler
led.asm.o                               Model: SMALL,         Lang: Assembler

*********************************************************************************************
STARTUP SECTION
---------------------------------------------------------------------------------------------
Entry point: 0xC000 (Entry)

*********************************************************************************************
SECTION-ALLOCATION SECTION
Section Name                    Size  Type     From       To       Segment
---------------------------------------------------------------------------------------------
.init                            568     R     0xC000     0xC237   ROM_C000
.data                             20   R/W     0x1000     0x1013   RAM
.const                            24     R     0xC238     0xC24F   ROM_C000
.stack                           256   R/W     0x1014     0x1113   RAM
.vectSeg0_vect                     2     R     0xFFFE     0xFFFF   .vectSeg0

Summary of section sizes per section type:
READ_ONLY (R):         252 (dec:      594)
READ_WRITE (R/W):      114 (dec:      276)

*********************************************************************************************
VECTOR-ALLOCATION SECTION
    Address     InitValue   InitFunction
---------------------------------------------------------------------------------------------
     0xFFFE        0xC000   Entry

*********************************************************************************************
OBJECT-ALLOCATION SECTION
     Name               Module                 Addr   hSize   dSize     Ref    Section   RLIB
---------------------------------------------------------------------------------------------
MODULE:                 -- main.asm.o --
- PROCEDURES:
     Entry                                     C000      17      23       0   .init       
     main                                      C000       0       0       0   .init       
     loop                                      C017      44      68       0   .init       
     back                                      C05B       2       2       0   .init       
     button0pressed                            C05D       B      11       0   .init       
     button1pressed                            C068       B      11       0   .init       
     button2pressed                            C073       B      11       0   .init       
     button3pressed                            C07E      13      19       0   .init       
- VARIABLES:
     locDec                                    1000       8       8       1   .data       
     locHex                                    1008       8       8       1   .data       
     counter                                   1010       2       2      15   .data       
- LABELS:
     __SEG_END_SSTACK                          1114       0       0       1               
MODULE:                 -- lcd.asm.o --
- PROCEDURES:
     initLCD                                   C091      1D      29       1   .init       
     inext1                                    C0AE      18      24       0   .init       
     inext2                                    C0C6       F      15       0   .init       
     writeLine                                 C0D5      10      16       2   .init       
     writeLine1                                C0E5       2       2       0   .init       
     wDo                                       C0E7       8       8       0   .init       
     next                                      C0EF       F      15       0   .init       
     wEnd                                      C0FE       4       4       0   .init       
     paddZero                                  C102       A      10       0   .init       
     delay_10ms                                C10C       8       8       3   .init       
     delay_5ms                                 C114       8       8       3   .init       
     delay_50us                                C11C       8       8       2   .init       
     del1                                      C124       6       6       0   .init       
     sel_data                                  C12A       4       4       1   .init       
     sel_inst                                  C12E       4       4       3   .init       
     outputByte                                C132      1D      29       5   .init       
     wrtpls                                    C14F      16      22       0   .init       
- VARIABLES:
     VAR00001                                  1012       1       1       3   .data       
     temp1                                     1013       1       1       0   .data       
     VAR00002                                  C238       1       1       1   .const      
     VAR00003                                  C239       1       1       0   .const      
     VAR00004                                  C23A       1       1       0   .const      
     VAR00005                                  C23B       1       1       1   .const      
     VAR00006                                  C23C       1       1       0   .const      
     VAR00007                                  C23D       1       1       0   .const      
     VAR00008                                  C23E       1       1       0   .const      
     VAR00009                                  C23F       1       1       0   .const      
MODULE:                 -- delay.asm.o --
- PROCEDURES:
     delay_0_5sec                              C165       5       5       1   .init       
     Sleep                                     C16A       4       4       0   .init       
     SleepT                                    C16E       5       5       0   .init       
     LoadX                                     C173       5       5       0   .init       
- VARIABLES:
MODULE:                 -- hexToASCII.asm.o --
- PROCEDURES:
     hexToASCII                                C178      10      16       1   .init       
     convertLoop                               C188      16      22       0   .init       
     getASCII                                  C19E       F      15       0   .init       
     decToASCII                                C1AD       C      12       1   .init       
     convertDecimal                            C1B9      55      85       0   .init       
     addMinusSign                              C20E       C      12       0   .init       
- VARIABLES:
     lookup                                    C240      10      16       1   .const      
MODULE:                 -- led.asm.o --
- PROCEDURES:
     init_LED                                  C21A      13      19       1   .init       
     set_LED                                   C22D       3       3       1   .init       
     get_LED                                   C230       3       3       0   .init       
     toggle_LED                                C233       5       5       0   .init       
- VARIABLES:

*********************************************************************************************
MODULE STATISTIC
  Name                                      Data   Code  Const
---------------------------------------------------------------------------------------------
  main.asm.o                                  18    145      0
  lcd.asm.o                                    2    212      8
  delay.asm.o                                  0     19      0
  hexToASCII.asm.o                             0    162     16
  led.asm.o                                    0     30      0
  other                                      256      2      0

*********************************************************************************************
SECTION USE IN OBJECT-ALLOCATION SECTION
---------------------------------------------------------------------------------------------
SECTION: ".data"
  locDec locHex counter VAR00001 temp1 
SECTION: ".init"
  main Entry loop back button0pressed button1pressed button2pressed 
  button3pressed initLCD inext1 inext2 writeLine writeLine1 wDo next wEnd 
  paddZero delay_10ms delay_5ms delay_50us del1 sel_data sel_inst outputByte 
  wrtpls delay_0_5sec Sleep SleepT LoadX hexToASCII convertLoop getASCII 
  decToASCII convertDecimal addMinusSign init_LED set_LED get_LED toggle_LED 
SECTION: ".const"
  VAR00002 VAR00003 VAR00004 VAR00005 VAR00006 VAR00007 VAR00008 VAR00009 
  lookup 

*********************************************************************************************
OBJECT LIST SORTED BY ADDRESS
     Name                                      Addr   hSize   dSize     Ref    Section   RLIB
---------------------------------------------------------------------------------------------
     locDec                                    1000       8       8       1   .data       
     locHex                                    1008       8       8       1   .data       
     counter                                   1010       2       2      15   .data       
     VAR00001                                  1012       1       1       3   .data       
     temp1                                     1013       1       1       0   .data       
     main                                      C000       0       0       0   .init       
     Entry                                     C000      17      23       0   .init       
     loop                                      C017      44      68       0   .init       
     back                                      C05B       2       2       0   .init       
     button0pressed                            C05D       B      11       0   .init       
     button1pressed                            C068       B      11       0   .init       
     button2pressed                            C073       B      11       0   .init       
     button3pressed                            C07E      13      19       0   .init       
     initLCD                                   C091      1D      29       1   .init       
     inext1                                    C0AE      18      24       0   .init       
     inext2                                    C0C6       F      15       0   .init       
     writeLine                                 C0D5      10      16       2   .init       
     writeLine1                                C0E5       2       2       0   .init       
     wDo                                       C0E7       8       8       0   .init       
     next                                      C0EF       F      15       0   .init       
     wEnd                                      C0FE       4       4       0   .init       
     paddZero                                  C102       A      10       0   .init       
     delay_10ms                                C10C       8       8       3   .init       
     delay_5ms                                 C114       8       8       3   .init       
     delay_50us                                C11C       8       8       2   .init       
     del1                                      C124       6       6       0   .init       
     sel_data                                  C12A       4       4       1   .init       
     sel_inst                                  C12E       4       4       3   .init       
     outputByte                                C132      1D      29       5   .init       
     wrtpls                                    C14F      16      22       0   .init       
     delay_0_5sec                              C165       5       5       1   .init       
     Sleep                                     C16A       4       4       0   .init       
     SleepT                                    C16E       5       5       0   .init       
     LoadX                                     C173       5       5       0   .init       
     hexToASCII                                C178      10      16       1   .init       
     convertLoop                               C188      16      22       0   .init       
     getASCII                                  C19E       F      15       0   .init       
     decToASCII                                C1AD       C      12       1   .init       
     convertDecimal                            C1B9      55      85       0   .init       
     addMinusSign                              C20E       C      12       0   .init       
     init_LED                                  C21A      13      19       1   .init       
     set_LED                                   C22D       3       3       1   .init       
     get_LED                                   C230       3       3       0   .init       
     toggle_LED                                C233       5       5       0   .init       
     VAR00002                                  C238       1       1       1   .const      
     VAR00003                                  C239       1       1       0   .const      
     VAR00004                                  C23A       1       1       0   .const      
     VAR00005                                  C23B       1       1       1   .const      
     VAR00006                                  C23C       1       1       0   .const      
     VAR00007                                  C23D       1       1       0   .const      
     VAR00008                                  C23E       1       1       0   .const      
     VAR00009                                  C23F       1       1       0   .const      
     lookup                                    C240      10      16       1   .const      

*********************************************************************************************
UNUSED-OBJECTS SECTION
---------------------------------------------------------------------------------------------
NOT USED VARIABLES
main.asm.o:
  MSG1 MSG2 msgA msgB msgC msgD 

*********************************************************************************************
COPYDOWN SECTION
---------------------------------------------------------------------------------------------

*********************************************************************************************
OBJECT-DEPENDENCIES SECTION
---------------------------------------------------------------------------------------------
Entry                     USES __SEG_END_SSTACK delay_10ms initLCD init_LED 
                                counter 
loop                      USES counter locDec decToASCII writeLine locHex 
                                hexToASCII set_LED delay_0_5sec 
button0pressed            USES counter 
button1pressed            USES counter 
button2pressed            USES counter 
button3pressed            USES counter 
initLCD                   USES delay_10ms VAR00002 VAR00001 sel_inst 
inext1                    USES outputByte delay_5ms VAR00005 VAR00001 sel_inst 
inext2                    USES outputByte delay_5ms 
writeLine                 USES sel_inst 
wDo                       USES outputByte sel_data 
next                      USES outputByte 
paddZero                  USES outputByte 
outputByte                USES delay_50us VAR00001 delay_5ms 
wrtpls                    USES delay_50us 
getASCII                  USES lookup 

*********************************************************************************************
DEPENDENCY TREE
*********************************************************************************************
 main and _Startup Group
 | 
 +- main                
 |    
 +- Entry               
    | 
    +- delay_10ms          
    |    
    +- initLCD             
    |  | 
    |  +- delay_10ms           (see above)
    |  |  
    |  +- sel_inst            
    |       
    +- init_LED            
         
*********************************************************************************************
STATISTIC SECTION
---------------------------------------------------------------------------------------------

ExeFile:
--------
Number of blocks to be downloaded: 2
Total size of all blocks to be downloaded: 594

